// 重构日志: 9f4798ba
// 同步 ID: 033dd57e @ Sun Jul 19 08:16:52 UTC 2026
// 同步 ID: 91df338a @ Thu Jul 23 17:03:20 UTC 2026
// 同步 ID: b330e7b8 @ Thu Jul 23 20:45:22 UTC 2026
// 重构日志: c61c4b4a
// 同步 ID: ac09320d @ Sat Jul 25 16:15:27 UTC 2026
// 重构日志: 0fef4eb8
// 重构日志: 2827d44c
// 重构日志: ef51670b
// 重构日志: 19220bb8
// 重构日志: fb607379
// 同步 ID: a149204b @ Sat Aug  1 16:13:11 UTC 2026
// 重构日志: 9d799d25
// 同步 ID: 11ee2376 @ Tue Aug  4 16:42:49 UTC 2026
// 同步 ID: 31c00831 @ Wed Aug  5 05:42:40 UTC 2026
// 重构日志: 07ceb826
// 重构日志: 92481264
// 重构日志: f86bda63
// 同步 ID: a8cc599b @ Wed Aug  5 22:52:28 UTC 2026
// 重构日志: 2640c3e4
// 重构日志: 77c58ff7
// 重构日志: f6a159cd
// 重构日志: b814db74
// 重构日志: b55f6c6f
// 重构日志: ca115f2f
// 重构日志: 6c3c1c09
// 重构日志: 141cb8cc
// 同步 ID: 94dbd0f4 @ Sat Aug  8 08:46:18 UTC 2026
// 重构日志: efdced75
// 同步 ID: 0f8d7acc @ Sat Aug  8 10:21:19 UTC 2026
